==========================================
SLURM_JOB_ID = 7968060
SLURM_JOB_NODELIST = d05-37
TMPDIR = /tmp/SLURM_7968060
==========================================
Dataset size: 1167 | Train: 933 | Test: 234
Epoch 1/100 | Loss: 2.1168
Epoch 2/100 | Loss: 2.0115
Epoch 3/100 | Loss: 1.9551
Epoch 4/100 | Loss: 1.9170
Epoch 5/100 | Loss: 1.8659
Epoch 6/100 | Loss: 1.8081
Epoch 7/100 | Loss: 1.8085
Epoch 8/100 | Loss: 1.7350
Epoch 9/100 | Loss: 1.6943
Epoch 10/100 | Loss: 1.6792
Validation @ epoch 10: 0.2949
Epoch 11/100 | Loss: 1.6075
Epoch 12/100 | Loss: 1.5905
Epoch 13/100 | Loss: 1.5363
Epoch 14/100 | Loss: 1.4692
Epoch 15/100 | Loss: 1.4364
Epoch 16/100 | Loss: 1.4184
Epoch 17/100 | Loss: 1.3948
Epoch 18/100 | Loss: 1.3512
Epoch 19/100 | Loss: 1.2800
Epoch 20/100 | Loss: 1.3037
Validation @ epoch 20: 0.3120
Epoch 21/100 | Loss: 1.2718
Epoch 22/100 | Loss: 1.2002
Epoch 23/100 | Loss: 1.1996
Epoch 24/100 | Loss: 1.1316
Epoch 25/100 | Loss: 1.0917
Epoch 26/100 | Loss: 1.1029
Epoch 27/100 | Loss: 1.0311
Epoch 28/100 | Loss: 1.0137
Epoch 29/100 | Loss: 1.0045
Epoch 30/100 | Loss: 0.9612
Validation @ epoch 30: 0.3932
Epoch 31/100 | Loss: 0.9199
Epoch 32/100 | Loss: 0.8752
Epoch 33/100 | Loss: 0.8473
Epoch 34/100 | Loss: 0.8087
Epoch 35/100 | Loss: 0.8510
Epoch 36/100 | Loss: 0.7538
Epoch 37/100 | Loss: 0.7158
Epoch 38/100 | Loss: 0.7280
Epoch 39/100 | Loss: 0.7002
Epoch 40/100 | Loss: 0.6577
Validation @ epoch 40: 0.4188
Epoch 41/100 | Loss: 0.6206
Epoch 42/100 | Loss: 0.5867
Epoch 43/100 | Loss: 0.5680
Epoch 44/100 | Loss: 0.6191
Epoch 45/100 | Loss: 0.5602
Epoch 46/100 | Loss: 0.5471
Epoch 47/100 | Loss: 0.5063
Epoch 48/100 | Loss: 0.5813
Epoch 49/100 | Loss: 0.4814
Epoch 50/100 | Loss: 0.4414
Validation @ epoch 50: 0.4103
Epoch 51/100 | Loss: 0.4337
Epoch 52/100 | Loss: 0.4193
Epoch 53/100 | Loss: 0.4032
Epoch 54/100 | Loss: 0.3771
Epoch 55/100 | Loss: 0.4028
Epoch 56/100 | Loss: 0.3999
Epoch 57/100 | Loss: 0.4389
Epoch 58/100 | Loss: 0.3627
Epoch 59/100 | Loss: 0.3259
Epoch 60/100 | Loss: 0.3155
Validation @ epoch 60: 0.4017
Epoch 61/100 | Loss: 0.2875
Epoch 62/100 | Loss: 0.2819
Epoch 63/100 | Loss: 0.4542
Epoch 64/100 | Loss: 0.3632
Epoch 65/100 | Loss: 0.3295
Epoch 66/100 | Loss: 0.3019
Epoch 67/100 | Loss: 0.2670
Epoch 68/100 | Loss: 0.2640
Epoch 69/100 | Loss: 0.2397
Epoch 70/100 | Loss: 0.2450
Validation @ epoch 70: 0.4573
Epoch 71/100 | Loss: 0.2257
Epoch 72/100 | Loss: 0.2537
Epoch 73/100 | Loss: 0.2940
Epoch 74/100 | Loss: 0.2208
Epoch 75/100 | Loss: 0.1689
Epoch 76/100 | Loss: 0.1576
Epoch 77/100 | Loss: 0.1572
Epoch 78/100 | Loss: 0.1642
Epoch 79/100 | Loss: 0.1429
Epoch 80/100 | Loss: 0.1369
Validation @ epoch 80: 0.4231
Epoch 81/100 | Loss: 0.1456
Epoch 82/100 | Loss: 0.1340
Epoch 83/100 | Loss: 0.1232
Epoch 84/100 | Loss: 0.1073
Epoch 85/100 | Loss: 0.1094
Epoch 86/100 | Loss: 0.0922
Epoch 87/100 | Loss: 0.1158
Epoch 88/100 | Loss: 0.1437
Epoch 89/100 | Loss: 0.1413
Epoch 90/100 | Loss: 0.1004
Validation @ epoch 90: 0.4231
Epoch 91/100 | Loss: 0.0962
Epoch 92/100 | Loss: 0.1338
Epoch 93/100 | Loss: 0.2715
Epoch 94/100 | Loss: 0.3207
Epoch 95/100 | Loss: 0.2752
Epoch 96/100 | Loss: 0.1656
Epoch 97/100 | Loss: 0.1418
Epoch 98/100 | Loss: 0.1911
Epoch 99/100 | Loss: 0.1230
Epoch 100/100 | Loss: 0.0915
Validation @ epoch 100: 0.4188
===== JOB END =====
