==========================================
SLURM_JOB_ID = 8299364
SLURM_JOB_NODELIST = b22-05
TMPDIR = /tmp/SLURM_8299364
==========================================
Full dataset  | total=1167 | train=933 | test=234

═══════════════════════════════════════════════════════
  Training: [full dataset]  |  classes=9  |  train=933  valid=234
═══════════════════════════════════════════════════════
  Epoch   1/100 | loss: 2.1242
  Epoch   2/100 | loss: 2.0325
  Epoch   3/100 | loss: 1.9452
  Epoch   4/100 | loss: 1.9056
  Epoch   5/100 | loss: 1.8614
  Epoch   6/100 | loss: 1.8238
  Epoch   7/100 | loss: 1.7842
  Epoch   8/100 | loss: 1.6918
  Epoch   9/100 | loss: 1.6734
  Epoch  10/100 | loss: 1.6549
  ✔ Validation @ epoch 10: acc=0.3590
  Epoch  11/100 | loss: 1.6327
  Epoch  12/100 | loss: 1.5804
  Epoch  13/100 | loss: 1.5273
  Epoch  14/100 | loss: 1.5217
  Epoch  15/100 | loss: 1.4819
  Epoch  16/100 | loss: 1.4455
  Epoch  17/100 | loss: 1.4031
  Epoch  18/100 | loss: 1.4039
  Epoch  19/100 | loss: 1.3635
  Epoch  20/100 | loss: 1.3473
  ✔ Validation @ epoch 20: acc=0.3291
  Epoch  21/100 | loss: 1.2863
  Epoch  22/100 | loss: 1.2618
  Epoch  23/100 | loss: 1.1967
  Epoch  24/100 | loss: 1.1902
  Epoch  25/100 | loss: 1.1597
  Epoch  26/100 | loss: 1.1212
  Epoch  27/100 | loss: 1.1090
  Epoch  28/100 | loss: 1.0547
  Epoch  29/100 | loss: 1.0505
  Epoch  30/100 | loss: 1.0668
  ✔ Validation @ epoch 30: acc=0.3462
  Epoch  31/100 | loss: 1.0260
  Epoch  32/100 | loss: 0.9215
  Epoch  33/100 | loss: 0.9036
  Epoch  34/100 | loss: 0.8998
  Epoch  35/100 | loss: 0.8617
  Epoch  36/100 | loss: 0.8578
  Epoch  37/100 | loss: 0.8258
  Epoch  38/100 | loss: 0.7940
  Epoch  39/100 | loss: 0.7745
  Epoch  40/100 | loss: 0.7443
  ✔ Validation @ epoch 40: acc=0.3419
  Epoch  41/100 | loss: 0.7970
  Epoch  42/100 | loss: 0.7735
  Epoch  43/100 | loss: 0.7046
  Epoch  44/100 | loss: 0.6342
  Epoch  45/100 | loss: 0.5884
  Epoch  46/100 | loss: 0.5616
  Epoch  47/100 | loss: 0.5497
  Epoch  48/100 | loss: 0.5987
  Epoch  49/100 | loss: 0.6702
  Epoch  50/100 | loss: 0.5708
  ✔ Validation @ epoch 50: acc=0.4316
  Epoch  51/100 | loss: 0.5229
  Epoch  52/100 | loss: 0.4975
  Epoch  53/100 | loss: 0.5015
  Epoch  54/100 | loss: 0.4665
  Epoch  55/100 | loss: 0.4187
  Epoch  56/100 | loss: 0.4142
  Epoch  57/100 | loss: 0.4632
  Epoch  58/100 | loss: 0.4609
  Epoch  59/100 | loss: 0.4229
  Epoch  60/100 | loss: 0.4406
  ✔ Validation @ epoch 60: acc=0.4017
  Epoch  61/100 | loss: 0.5738
  Epoch  62/100 | loss: 0.4590
  Epoch  63/100 | loss: 0.4036
  Epoch  64/100 | loss: 0.3850
  Epoch  65/100 | loss: 0.4495
  Epoch  66/100 | loss: 0.3705
  Epoch  67/100 | loss: 0.3139
  Epoch  68/100 | loss: 0.2910
  Epoch  69/100 | loss: 0.2701
  Epoch  70/100 | loss: 0.2635
  ✔ Validation @ epoch 70: acc=0.4402
  Epoch  71/100 | loss: 0.2500
  Epoch  72/100 | loss: 0.3082
  Epoch  73/100 | loss: 0.2560
  Epoch  74/100 | loss: 0.2465
  Epoch  75/100 | loss: 0.2760
  Epoch  76/100 | loss: 0.2756
  Epoch  77/100 | loss: 0.2520
  Epoch  78/100 | loss: 0.2260
  Epoch  79/100 | loss: 0.2676
  Epoch  80/100 | loss: 0.2205
  ✔ Validation @ epoch 80: acc=0.4188
  Epoch  81/100 | loss: 0.1655
  Epoch  82/100 | loss: 0.1567
  Epoch  83/100 | loss: 0.1606
  Epoch  84/100 | loss: 0.1615
  Epoch  85/100 | loss: 0.1268
  Epoch  86/100 | loss: 0.1239
  Epoch  87/100 | loss: 0.1228
  Epoch  88/100 | loss: 0.1800
  Epoch  89/100 | loss: 0.2151
  Epoch  90/100 | loss: 0.3163
  ✔ Validation @ epoch 90: acc=0.3932
  Epoch  91/100 | loss: 0.3622
  Epoch  92/100 | loss: 0.2328
  Epoch  93/100 | loss: 0.1553
  Epoch  94/100 | loss: 0.1362
  Epoch  95/100 | loss: 0.1654
  Epoch  96/100 | loss: 0.1172
  Epoch  97/100 | loss: 0.1231
  Epoch  98/100 | loss: 0.1321
  Epoch  99/100 | loss: 0.2329
  Epoch 100/100 | loss: 0.1785
  ✔ Validation @ epoch 100: acc=0.4316
Found 9 unique labels: [0, 1, 2, 3, 4, 5, 6, 7, 8]
No-activity windows (label 0): 68

  Label  0 | total=   68 (train=54, valid=14) [trigger=0, baseline=68]
  Label  1 | total=   95 (train=76, valid=19) [trigger=27, baseline=68]
  Label  2 | total=  234 (train=187, valid=47) [trigger=166, baseline=68]
  Label  3 | total=  225 (train=180, valid=45) [trigger=157, baseline=68]
  Label  4 | total=  236 (train=188, valid=48) [trigger=168, baseline=68]
  Label  5 | total=  203 (train=162, valid=41) [trigger=135, baseline=68]
  Label  6 | total=  223 (train=178, valid=45) [trigger=155, baseline=68]
  Label  7 | total=  203 (train=162, valid=41) [trigger=135, baseline=68]
  Label  8 | total=  224 (train=179, valid=45) [trigger=156, baseline=68]

═══════════════════════════════════════════════════════
  Training: [trigger_0]  |  classes=1  |  train=54  valid=14
═══════════════════════════════════════════════════════
  Epoch   1/100 | loss: 0.0000
  Epoch   2/100 | loss: 0.0000
  Epoch   3/100 | loss: 0.0000
  Epoch   4/100 | loss: 0.0000
  Epoch   5/100 | loss: 0.0000
  Epoch   6/100 | loss: 0.0000
  Epoch   7/100 | loss: 0.0000
  Epoch   8/100 | loss: 0.0000
  Epoch   9/100 | loss: 0.0000
  Epoch  10/100 | loss: 0.0000
  ✔ Validation @ epoch 10: acc=1.0000
  Epoch  11/100 | loss: 0.0000
  Epoch  12/100 | loss: 0.0000
  Epoch  13/100 | loss: 0.0000
  Epoch  14/100 | loss: 0.0000
  Epoch  15/100 | loss: 0.0000
  Epoch  16/100 | loss: 0.0000
  Epoch  17/100 | loss: 0.0000
  Epoch  18/100 | loss: 0.0000
  Epoch  19/100 | loss: 0.0000
  Epoch  20/100 | loss: 0.0000
  ✔ Validation @ epoch 20: acc=1.0000
  Epoch  21/100 | loss: 0.0000
  Epoch  22/100 | loss: 0.0000
  Epoch  23/100 | loss: 0.0000
  Epoch  24/100 | loss: 0.0000
  Epoch  25/100 | loss: 0.0000
  Epoch  26/100 | loss: 0.0000
  Epoch  27/100 | loss: 0.0000
  Epoch  28/100 | loss: 0.0000
  Epoch  29/100 | loss: 0.0000
  Epoch  30/100 | loss: 0.0000
  ✔ Validation @ epoch 30: acc=1.0000
  Epoch  31/100 | loss: 0.0000
  Epoch  32/100 | loss: 0.0000
  Epoch  33/100 | loss: 0.0000
  Epoch  34/100 | loss: 0.0000
  Epoch  35/100 | loss: 0.0000
  Epoch  36/100 | loss: 0.0000
  Epoch  37/100 | loss: 0.0000
  Epoch  38/100 | loss: 0.0000
  Epoch  39/100 | loss: 0.0000
  Epoch  40/100 | loss: 0.0000
  ✔ Validation @ epoch 40: acc=1.0000
  Epoch  41/100 | loss: 0.0000
  Epoch  42/100 | loss: 0.0000
  Epoch  43/100 | loss: 0.0000
  Epoch  44/100 | loss: 0.0000
  Epoch  45/100 | loss: 0.0000
  Epoch  46/100 | loss: 0.0000
  Epoch  47/100 | loss: 0.0000
  Epoch  48/100 | loss: 0.0000
  Epoch  49/100 | loss: 0.0000
  Epoch  50/100 | loss: 0.0000
  ✔ Validation @ epoch 50: acc=1.0000
  Epoch  51/100 | loss: 0.0000
  Epoch  52/100 | loss: 0.0000
  Epoch  53/100 | loss: 0.0000
  Epoch  54/100 | loss: 0.0000
  Epoch  55/100 | loss: 0.0000
  Epoch  56/100 | loss: 0.0000
  Epoch  57/100 | loss: 0.0000
  Epoch  58/100 | loss: 0.0000
  Epoch  59/100 | loss: 0.0000
  Epoch  60/100 | loss: 0.0000
  ✔ Validation @ epoch 60: acc=1.0000
  Epoch  61/100 | loss: 0.0000
  Epoch  62/100 | loss: 0.0000
  Epoch  63/100 | loss: 0.0000
  Epoch  64/100 | loss: 0.0000
  Epoch  65/100 | loss: 0.0000
  Epoch  66/100 | loss: 0.0000
  Epoch  67/100 | loss: 0.0000
  Epoch  68/100 | loss: 0.0000
  Epoch  69/100 | loss: 0.0000
  Epoch  70/100 | loss: 0.0000
  ✔ Validation @ epoch 70: acc=1.0000
  Epoch  71/100 | loss: 0.0000
  Epoch  72/100 | loss: 0.0000
  Epoch  73/100 | loss: 0.0000
  Epoch  74/100 | loss: 0.0000
  Epoch  75/100 | loss: 0.0000
  Epoch  76/100 | loss: 0.0000
  Epoch  77/100 | loss: 0.0000
  Epoch  78/100 | loss: 0.0000
  Epoch  79/100 | loss: 0.0000
  Epoch  80/100 | loss: 0.0000
  ✔ Validation @ epoch 80: acc=1.0000
  Epoch  81/100 | loss: 0.0000
  Epoch  82/100 | loss: 0.0000
  Epoch  83/100 | loss: 0.0000
  Epoch  84/100 | loss: 0.0000
  Epoch  85/100 | loss: 0.0000
  Epoch  86/100 | loss: 0.0000
  Epoch  87/100 | loss: 0.0000
  Epoch  88/100 | loss: 0.0000
  Epoch  89/100 | loss: 0.0000
  Epoch  90/100 | loss: 0.0000
  ✔ Validation @ epoch 90: acc=1.0000
  Epoch  91/100 | loss: 0.0000
  Epoch  92/100 | loss: 0.0000
  Epoch  93/100 | loss: 0.0000
  Epoch  94/100 | loss: 0.0000
  Epoch  95/100 | loss: 0.0000
  Epoch  96/100 | loss: 0.0000
  Epoch  97/100 | loss: 0.0000
  Epoch  98/100 | loss: 0.0000
  Epoch  99/100 | loss: 0.0000
  Epoch 100/100 | loss: 0.0000
  ✔ Validation @ epoch 100: acc=1.0000

═══════════════════════════════════════════════════════
  Training: [trigger_1]  |  classes=2  |  train=76  valid=19
═══════════════════════════════════════════════════════
  Epoch   1/100 | loss: 0.6609
  Epoch   2/100 | loss: 0.5995
  Epoch   3/100 | loss: 0.6344
  Epoch   4/100 | loss: 0.5226
  Epoch   5/100 | loss: 0.4925
  Epoch   6/100 | loss: 0.4881
  Epoch   7/100 | loss: 0.4055
  Epoch   8/100 | loss: 0.4099
  Epoch   9/100 | loss: 0.3067
  Epoch  10/100 | loss: 0.2827
  ✔ Validation @ epoch 10: acc=0.6316
  Epoch  11/100 | loss: 0.2845
  Epoch  12/100 | loss: 0.3141
  Epoch  13/100 | loss: 0.2420
  Epoch  14/100 | loss: 0.1990
  Epoch  15/100 | loss: 0.2124
  Epoch  16/100 | loss: 0.1772
  Epoch  17/100 | loss: 0.2372
  Epoch  18/100 | loss: 0.1793
  Epoch  19/100 | loss: 0.1907
  Epoch  20/100 | loss: 0.1435
  ✔ Validation @ epoch 20: acc=0.5789
  Epoch  21/100 | loss: 0.1698
  Epoch  22/100 | loss: 0.1986
  Epoch  23/100 | loss: 0.1259
  Epoch  24/100 | loss: 0.1490
  Epoch  25/100 | loss: 0.1416
  Epoch  26/100 | loss: 0.0754
  Epoch  27/100 | loss: 0.1276
  Epoch  28/100 | loss: 0.0942
  Epoch  29/100 | loss: 0.0872
  Epoch  30/100 | loss: 0.0871
  ✔ Validation @ epoch 30: acc=0.5789
  Epoch  31/100 | loss: 0.0906
  Epoch  32/100 | loss: 0.0679
  Epoch  33/100 | loss: 0.0769
  Epoch  34/100 | loss: 0.0470
  Epoch  35/100 | loss: 0.0687
  Epoch  36/100 | loss: 0.0461
  Epoch  37/100 | loss: 0.0578
  Epoch  38/100 | loss: 0.0516
  Epoch  39/100 | loss: 0.0445
  Epoch  40/100 | loss: 0.0489
  ✔ Validation @ epoch 40: acc=0.5789
  Epoch  41/100 | loss: 0.0480
  Epoch  42/100 | loss: 0.0245
  Epoch  43/100 | loss: 0.0338
  Epoch  44/100 | loss: 0.0266
  Epoch  45/100 | loss: 0.0264
  Epoch  46/100 | loss: 0.0334
  Epoch  47/100 | loss: 0.0257
  Epoch  48/100 | loss: 0.0303
  Epoch  49/100 | loss: 0.0155
  Epoch  50/100 | loss: 0.0235
  ✔ Validation @ epoch 50: acc=0.5789
  Epoch  51/100 | loss: 0.0109
  Epoch  52/100 | loss: 0.0264
  Epoch  53/100 | loss: 0.0134
  Epoch  54/100 | loss: 0.0186
  Epoch  55/100 | loss: 0.0230
  Epoch  56/100 | loss: 0.0097
  Epoch  57/100 | loss: 0.0143
  Epoch  58/100 | loss: 0.0177
  Epoch  59/100 | loss: 0.0059
  Epoch  60/100 | loss: 0.0307
  ✔ Validation @ epoch 60: acc=0.5789
  Epoch  61/100 | loss: 0.0156
  Epoch  62/100 | loss: 0.1144
  Epoch  63/100 | loss: 0.0157
  Epoch  64/100 | loss: 0.1433
  Epoch  65/100 | loss: 0.0540
  Epoch  66/100 | loss: 0.2606
  Epoch  67/100 | loss: 0.0230
  Epoch  68/100 | loss: 0.0635
  Epoch  69/100 | loss: 0.1618
  Epoch  70/100 | loss: 0.0583
  ✔ Validation @ epoch 70: acc=0.5789
  Epoch  71/100 | loss: 0.1329
  Epoch  72/100 | loss: 0.0805
  Epoch  73/100 | loss: 0.0413
  Epoch  74/100 | loss: 0.0277
  Epoch  75/100 | loss: 0.0282
  Epoch  76/100 | loss: 0.0238
  Epoch  77/100 | loss: 0.0224
  Epoch  78/100 | loss: 0.0174
  Epoch  79/100 | loss: 0.0183
  Epoch  80/100 | loss: 0.0193
  ✔ Validation @ epoch 80: acc=0.5789
  Epoch  81/100 | loss: 0.0095
  Epoch  82/100 | loss: 0.0161
  Epoch  83/100 | loss: 0.0111
  Epoch  84/100 | loss: 0.0077
  Epoch  85/100 | loss: 0.0091
  Epoch  86/100 | loss: 0.0085
  Epoch  87/100 | loss: 0.0066
  Epoch  88/100 | loss: 0.0054
  Epoch  89/100 | loss: 0.0055
  Epoch  90/100 | loss: 0.0063
  ✔ Validation @ epoch 90: acc=0.5789
  Epoch  91/100 | loss: 0.0066
  Epoch  92/100 | loss: 0.0053
  Epoch  93/100 | loss: 0.0057
  Epoch  94/100 | loss: 0.0040
  Epoch  95/100 | loss: 0.0047
  Epoch  96/100 | loss: 0.0030
  Epoch  97/100 | loss: 0.0060
  Epoch  98/100 | loss: 0.0051
  Epoch  99/100 | loss: 0.0029
  Epoch 100/100 | loss: 0.0036
  ✔ Validation @ epoch 100: acc=0.5789

═══════════════════════════════════════════════════════
  Training: [trigger_2]  |  classes=3  |  train=187  valid=47
═══════════════════════════════════════════════════════
  Epoch   1/100 | loss: 0.9378
  Epoch   2/100 | loss: 0.7214
  Epoch   3/100 | loss: 0.6351
  Epoch   4/100 | loss: 0.5640
  Epoch   5/100 | loss: 0.5535
  Epoch   6/100 | loss: 0.5433
  Epoch   7/100 | loss: 0.4862
  Epoch   8/100 | loss: 0.4641
  Epoch   9/100 | loss: 0.4286
  Epoch  10/100 | loss: 0.3855
  ✔ Validation @ epoch 10: acc=0.8085
  Epoch  11/100 | loss: 0.3498
  Epoch  12/100 | loss: 0.3411
  Epoch  13/100 | loss: 0.3151
  Epoch  14/100 | loss: 0.3453
  Epoch  15/100 | loss: 0.3188
  Epoch  16/100 | loss: 0.2540
  Epoch  17/100 | loss: 0.2269
  Epoch  18/100 | loss: 0.2061
  Epoch  19/100 | loss: 0.1909
  Epoch  20/100 | loss: 0.1996
  ✔ Validation @ epoch 20: acc=0.8511
  Epoch  21/100 | loss: 0.1683
  Epoch  22/100 | loss: 0.1654
  Epoch  23/100 | loss: 0.1734
  Epoch  24/100 | loss: 0.2000
  Epoch  25/100 | loss: 0.1929
  Epoch  26/100 | loss: 0.1461
  Epoch  27/100 | loss: 0.1269
  Epoch  28/100 | loss: 0.1175
  Epoch  29/100 | loss: 0.1163
  Epoch  30/100 | loss: 0.0991
  ✔ Validation @ epoch 30: acc=0.8723
  Epoch  31/100 | loss: 0.0922
  Epoch  32/100 | loss: 0.0866
  Epoch  33/100 | loss: 0.0824
  Epoch  34/100 | loss: 0.0757
  Epoch  35/100 | loss: 0.0674
  Epoch  36/100 | loss: 0.0668
  Epoch  37/100 | loss: 0.0637
  Epoch  38/100 | loss: 0.0554
  Epoch  39/100 | loss: 0.0677
  Epoch  40/100 | loss: 0.0639
  ✔ Validation @ epoch 40: acc=0.7660
  Epoch  41/100 | loss: 0.0535
  Epoch  42/100 | loss: 0.0408
  Epoch  43/100 | loss: 0.0424
  Epoch  44/100 | loss: 0.0397
  Epoch  45/100 | loss: 0.0316
  Epoch  46/100 | loss: 0.0302
  Epoch  47/100 | loss: 0.0284
  Epoch  48/100 | loss: 0.0253
  Epoch  49/100 | loss: 0.0243
  Epoch  50/100 | loss: 0.0242
  ✔ Validation @ epoch 50: acc=0.8085
  Epoch  51/100 | loss: 0.0337
  Epoch  52/100 | loss: 0.0325
  Epoch  53/100 | loss: 0.0500
  Epoch  54/100 | loss: 0.0490
  Epoch  55/100 | loss: 0.0799
  Epoch  56/100 | loss: 0.2100
  Epoch  57/100 | loss: 0.2762
  Epoch  58/100 | loss: 0.2423
  Epoch  59/100 | loss: 0.0767
  Epoch  60/100 | loss: 0.1232
  ✔ Validation @ epoch 60: acc=0.8085
  Epoch  61/100 | loss: 0.0999
  Epoch  62/100 | loss: 0.0685
  Epoch  63/100 | loss: 0.0473
  Epoch  64/100 | loss: 0.0336
  Epoch  65/100 | loss: 0.0281
  Epoch  66/100 | loss: 0.0296
  Epoch  67/100 | loss: 0.0207
  Epoch  68/100 | loss: 0.0234
  Epoch  69/100 | loss: 0.0166
  Epoch  70/100 | loss: 0.0171
  ✔ Validation @ epoch 70: acc=0.8085
  Epoch  71/100 | loss: 0.0142
  Epoch  72/100 | loss: 0.0126
  Epoch  73/100 | loss: 0.0116
  Epoch  74/100 | loss: 0.0119
  Epoch  75/100 | loss: 0.0097
  Epoch  76/100 | loss: 0.0115
  Epoch  77/100 | loss: 0.0097
  Epoch  78/100 | loss: 0.0101
  Epoch  79/100 | loss: 0.0088
  Epoch  80/100 | loss: 0.0079
  ✔ Validation @ epoch 80: acc=0.7872
  Epoch  81/100 | loss: 0.0077
  Epoch  82/100 | loss: 0.0075
  Epoch  83/100 | loss: 0.0064
  Epoch  84/100 | loss: 0.0059
  Epoch  85/100 | loss: 0.0097
  Epoch  86/100 | loss: 0.0052
  Epoch  87/100 | loss: 0.0073
  Epoch  88/100 | loss: 0.0116
  Epoch  89/100 | loss: 0.0178
  Epoch  90/100 | loss: 0.0061
  ✔ Validation @ epoch 90: acc=0.7872
  Epoch  91/100 | loss: 0.0093
  Epoch  92/100 | loss: 0.0046
  Epoch  93/100 | loss: 0.0118
  Epoch  94/100 | loss: 0.0058
  Epoch  95/100 | loss: 0.0036
  Epoch  96/100 | loss: 0.0052
  Epoch  97/100 | loss: 0.0035
  Epoch  98/100 | loss: 0.0043
  Epoch  99/100 | loss: 0.0031
  Epoch 100/100 | loss: 0.0030
  ✔ Validation @ epoch 100: acc=0.8085

═══════════════════════════════════════════════════════
  Training: [trigger_3]  |  classes=4  |  train=180  valid=45
═══════════════════════════════════════════════════════
  Epoch   1/100 | loss: 1.1314
  Epoch   2/100 | loss: 0.7485
  Epoch   3/100 | loss: 0.5914
  Epoch   4/100 | loss: 0.5342
  Epoch   5/100 | loss: 0.5104
  Epoch   6/100 | loss: 0.5044
  Epoch   7/100 | loss: 0.4894
  Epoch   8/100 | loss: 0.4599
  Epoch   9/100 | loss: 0.4472
  Epoch  10/100 | loss: 0.4165
  ✔ Validation @ epoch 10: acc=0.7556
  Epoch  11/100 | loss: 0.3815
  Epoch  12/100 | loss: 0.3924
  Epoch  13/100 | loss: 0.3374
  Epoch  14/100 | loss: 0.3220
  Epoch  15/100 | loss: 0.3392
  Epoch  16/100 | loss: 0.3275
  Epoch  17/100 | loss: 0.2723
  Epoch  18/100 | loss: 0.2623
  Epoch  19/100 | loss: 0.2350
  Epoch  20/100 | loss: 0.2487
  ✔ Validation @ epoch 20: acc=0.8444
  Epoch  21/100 | loss: 0.2604
  Epoch  22/100 | loss: 0.3050
  Epoch  23/100 | loss: 0.2451
  Epoch  24/100 | loss: 0.2324
  Epoch  25/100 | loss: 0.2002
  Epoch  26/100 | loss: 0.1636
  Epoch  27/100 | loss: 0.1604
  Epoch  28/100 | loss: 0.1349
  Epoch  29/100 | loss: 0.1292
  Epoch  30/100 | loss: 0.1201
  ✔ Validation @ epoch 30: acc=0.7778
  Epoch  31/100 | loss: 0.1176
  Epoch  32/100 | loss: 0.1164
  Epoch  33/100 | loss: 0.1140
  Epoch  34/100 | loss: 0.1327
  Epoch  35/100 | loss: 0.1108
  Epoch  36/100 | loss: 0.0935
  Epoch  37/100 | loss: 0.0902
  Epoch  38/100 | loss: 0.0869
  Epoch  39/100 | loss: 0.0727
  Epoch  40/100 | loss: 0.1099
  ✔ Validation @ epoch 40: acc=0.8444
  Epoch  41/100 | loss: 0.0847
  Epoch  42/100 | loss: 0.0941
  Epoch  43/100 | loss: 0.0805
  Epoch  44/100 | loss: 0.0874
  Epoch  45/100 | loss: 0.1004
  Epoch  46/100 | loss: 0.0520
  Epoch  47/100 | loss: 0.0652
  Epoch  48/100 | loss: 0.0648
  Epoch  49/100 | loss: 0.1313
  Epoch  50/100 | loss: 0.0819
  ✔ Validation @ epoch 50: acc=0.8222
  Epoch  51/100 | loss: 0.0756
  Epoch  52/100 | loss: 0.1367
  Epoch  53/100 | loss: 0.1489
  Epoch  54/100 | loss: 0.1438
  Epoch  55/100 | loss: 0.1326
  Epoch  56/100 | loss: 0.0698
  Epoch  57/100 | loss: 0.0840
  Epoch  58/100 | loss: 0.0601
  Epoch  59/100 | loss: 0.0614
  Epoch  60/100 | loss: 0.0431
  ✔ Validation @ epoch 60: acc=0.7778
  Epoch  61/100 | loss: 0.0391
  Epoch  62/100 | loss: 0.0271
  Epoch  63/100 | loss: 0.0313
  Epoch  64/100 | loss: 0.0358
  Epoch  65/100 | loss: 0.0323
  Epoch  66/100 | loss: 0.0245
  Epoch  67/100 | loss: 0.0189
  Epoch  68/100 | loss: 0.0211
  Epoch  69/100 | loss: 0.0182
  Epoch  70/100 | loss: 0.0168
  ✔ Validation @ epoch 70: acc=0.7778
  Epoch  71/100 | loss: 0.0162
  Epoch  72/100 | loss: 0.0114
  Epoch  73/100 | loss: 0.0146
  Epoch  74/100 | loss: 0.0130
  Epoch  75/100 | loss: 0.0118
  Epoch  76/100 | loss: 0.0154
  Epoch  77/100 | loss: 0.0214
  Epoch  78/100 | loss: 0.0113
  Epoch  79/100 | loss: 0.0144
  Epoch  80/100 | loss: 0.0245
  ✔ Validation @ epoch 80: acc=0.7778
  Epoch  81/100 | loss: 0.0223
  Epoch  82/100 | loss: 0.0286
  Epoch  83/100 | loss: 0.0112
  Epoch  84/100 | loss: 0.0081
  Epoch  85/100 | loss: 0.0090
  Epoch  86/100 | loss: 0.0067
  Epoch  87/100 | loss: 0.0066
  Epoch  88/100 | loss: 0.0053
  Epoch  89/100 | loss: 0.0059
  Epoch  90/100 | loss: 0.0056
  ✔ Validation @ epoch 90: acc=0.7778
  Epoch  91/100 | loss: 0.0051
  Epoch  92/100 | loss: 0.0043
  Epoch  93/100 | loss: 0.0041
  Epoch  94/100 | loss: 0.0039
  Epoch  95/100 | loss: 0.0037
  Epoch  96/100 | loss: 0.0033
  Epoch  97/100 | loss: 0.0032
  Epoch  98/100 | loss: 0.0030
  Epoch  99/100 | loss: 0.0027
  Epoch 100/100 | loss: 0.0028
  ✔ Validation @ epoch 100: acc=0.7778

═══════════════════════════════════════════════════════
  Training: [trigger_4]  |  classes=5  |  train=188  valid=48
═══════════════════════════════════════════════════════
  Epoch   1/100 | loss: 1.3248
  Epoch   2/100 | loss: 0.7239
  Epoch   3/100 | loss: 0.5275
  Epoch   4/100 | loss: 0.4717
  Epoch   5/100 | loss: 0.4265
  Epoch   6/100 | loss: 0.3959
  Epoch   7/100 | loss: 0.3854
  Epoch   8/100 | loss: 0.4150
  Epoch   9/100 | loss: 0.3659
  Epoch  10/100 | loss: 0.3340
  ✔ Validation @ epoch 10: acc=0.8125
  Epoch  11/100 | loss: 0.3189
  Epoch  12/100 | loss: 0.2991
  Epoch  13/100 | loss: 0.2721
  Epoch  14/100 | loss: 0.2638
  Epoch  15/100 | loss: 0.2507
  Epoch  16/100 | loss: 0.2370
  Epoch  17/100 | loss: 0.2055
  Epoch  18/100 | loss: 0.2074
  Epoch  19/100 | loss: 0.1895
  Epoch  20/100 | loss: 0.1899
  ✔ Validation @ epoch 20: acc=0.8125
  Epoch  21/100 | loss: 0.1779
  Epoch  22/100 | loss: 0.1773
  Epoch  23/100 | loss: 0.1895
  Epoch  24/100 | loss: 0.1707
  Epoch  25/100 | loss: 0.1526
  Epoch  26/100 | loss: 0.1514
  Epoch  27/100 | loss: 0.1329
  Epoch  28/100 | loss: 0.1322
  Epoch  29/100 | loss: 0.1188
  Epoch  30/100 | loss: 0.1078
  ✔ Validation @ epoch 30: acc=0.8333
  Epoch  31/100 | loss: 0.1198
  Epoch  32/100 | loss: 0.1005
  Epoch  33/100 | loss: 0.1077
  Epoch  34/100 | loss: 0.1122
  Epoch  35/100 | loss: 0.1019
  Epoch  36/100 | loss: 0.0910
  Epoch  37/100 | loss: 0.0812
  Epoch  38/100 | loss: 0.1054
  Epoch  39/100 | loss: 0.0973
  Epoch  40/100 | loss: 0.0715
  ✔ Validation @ epoch 40: acc=0.8125
  Epoch  41/100 | loss: 0.0939
  Epoch  42/100 | loss: 0.1080
  Epoch  43/100 | loss: 0.0809
  Epoch  44/100 | loss: 0.0640
  Epoch  45/100 | loss: 0.0598
  Epoch  46/100 | loss: 0.0598
  Epoch  47/100 | loss: 0.0577
  Epoch  48/100 | loss: 0.0446
  Epoch  49/100 | loss: 0.0496
  Epoch  50/100 | loss: 0.0567
  ✔ Validation @ epoch 50: acc=0.8333
  Epoch  51/100 | loss: 0.0393
  Epoch  52/100 | loss: 0.0454
  Epoch  53/100 | loss: 0.0356
  Epoch  54/100 | loss: 0.0336
  Epoch  55/100 | loss: 0.0335
  Epoch  56/100 | loss: 0.0299
  Epoch  57/100 | loss: 0.0294
  Epoch  58/100 | loss: 0.0253
  Epoch  59/100 | loss: 0.0273
  Epoch  60/100 | loss: 0.0233
  ✔ Validation @ epoch 60: acc=0.8333
  Epoch  61/100 | loss: 0.0221
  Epoch  62/100 | loss: 0.0199
  Epoch  63/100 | loss: 0.0227
  Epoch  64/100 | loss: 0.0179
  Epoch  65/100 | loss: 0.0178
  Epoch  66/100 | loss: 0.0168
  Epoch  67/100 | loss: 0.0165
  Epoch  68/100 | loss: 0.0155
  Epoch  69/100 | loss: 0.0137
  Epoch  70/100 | loss: 0.0134
  ✔ Validation @ epoch 70: acc=0.8333
  Epoch  71/100 | loss: 0.0127
  Epoch  72/100 | loss: 0.0112
  Epoch  73/100 | loss: 0.0133
  Epoch  74/100 | loss: 0.0101
  Epoch  75/100 | loss: 0.0136
  Epoch  76/100 | loss: 0.0089
  Epoch  77/100 | loss: 0.0093
  Epoch  78/100 | loss: 0.0193
  Epoch  79/100 | loss: 0.2410
  Epoch  80/100 | loss: 0.0556
  ✔ Validation @ epoch 80: acc=0.8125
  Epoch  81/100 | loss: 0.0509
  Epoch  82/100 | loss: 0.0397
  Epoch  83/100 | loss: 0.0510
  Epoch  84/100 | loss: 0.1567
  Epoch  85/100 | loss: 0.1833
  Epoch  86/100 | loss: 0.2049
  Epoch  87/100 | loss: 0.1328
  Epoch  88/100 | loss: 0.1612
  Epoch  89/100 | loss: 0.0741
  Epoch  90/100 | loss: 0.0539
  ✔ Validation @ epoch 90: acc=0.8542
  Epoch  91/100 | loss: 0.0425
  Epoch  92/100 | loss: 0.0354
  Epoch  93/100 | loss: 0.0272
  Epoch  94/100 | loss: 0.0257
  Epoch  95/100 | loss: 0.0217
  Epoch  96/100 | loss: 0.0209
  Epoch  97/100 | loss: 0.0162
  Epoch  98/100 | loss: 0.0155
  Epoch  99/100 | loss: 0.0125
  Epoch 100/100 | loss: 0.0139
  ✔ Validation @ epoch 100: acc=0.8333

═══════════════════════════════════════════════════════
  Training: [trigger_5]  |  classes=6  |  train=162  valid=41
═══════════════════════════════════════════════════════
  Epoch   1/100 | loss: 1.5687
  Epoch   2/100 | loss: 0.8326
  Epoch   3/100 | loss: 0.6877
  Epoch   4/100 | loss: 0.5980
  Epoch   5/100 | loss: 0.7001
  Epoch   6/100 | loss: 0.6272
  Epoch   7/100 | loss: 0.5897
  Epoch   8/100 | loss: 0.6594
  Epoch   9/100 | loss: 0.6310
  Epoch  10/100 | loss: 0.5031
  ✔ Validation @ epoch 10: acc=0.6585
  Epoch  11/100 | loss: 0.5134
  Epoch  12/100 | loss: 0.7308
  Epoch  13/100 | loss: 0.5167
  Epoch  14/100 | loss: 0.4587
  Epoch  15/100 | loss: 0.4829
  Epoch  16/100 | loss: 0.4092
  Epoch  17/100 | loss: 0.3427
  Epoch  18/100 | loss: 0.3400
  Epoch  19/100 | loss: 0.3546
  Epoch  20/100 | loss: 0.3923
  ✔ Validation @ epoch 20: acc=0.8537
  Epoch  21/100 | loss: 0.2434
  Epoch  22/100 | loss: 0.2654
  Epoch  23/100 | loss: 0.3074
  Epoch  24/100 | loss: 0.2071
  Epoch  25/100 | loss: 0.1994
  Epoch  26/100 | loss: 0.2438
  Epoch  27/100 | loss: 0.1973
  Epoch  28/100 | loss: 0.1726
  Epoch  29/100 | loss: 0.1582
  Epoch  30/100 | loss: 0.1429
  ✔ Validation @ epoch 30: acc=0.8537
  Epoch  31/100 | loss: 0.1250
  Epoch  32/100 | loss: 0.1308
  Epoch  33/100 | loss: 0.1364
  Epoch  34/100 | loss: 0.1093
  Epoch  35/100 | loss: 0.0955
  Epoch  36/100 | loss: 0.1321
  Epoch  37/100 | loss: 0.1405
  Epoch  38/100 | loss: 0.2266
  Epoch  39/100 | loss: 0.2281
  Epoch  40/100 | loss: 0.1112
  ✔ Validation @ epoch 40: acc=0.8293
  Epoch  41/100 | loss: 0.1416
  Epoch  42/100 | loss: 0.1106
  Epoch  43/100 | loss: 0.1335
  Epoch  44/100 | loss: 0.1527
  Epoch  45/100 | loss: 0.1676
  Epoch  46/100 | loss: 0.1408
  Epoch  47/100 | loss: 0.1762
  Epoch  48/100 | loss: 0.1683
  Epoch  49/100 | loss: 0.1387
  Epoch  50/100 | loss: 0.1326
  ✔ Validation @ epoch 50: acc=0.8537
  Epoch  51/100 | loss: 0.0854
  Epoch  52/100 | loss: 0.1017
  Epoch  53/100 | loss: 0.0700
  Epoch  54/100 | loss: 0.1306
  Epoch  55/100 | loss: 0.0865
  Epoch  56/100 | loss: 0.0880
  Epoch  57/100 | loss: 0.0716
  Epoch  58/100 | loss: 0.0660
  Epoch  59/100 | loss: 0.0586
  Epoch  60/100 | loss: 0.1488
  ✔ Validation @ epoch 60: acc=0.8537
  Epoch  61/100 | loss: 0.0941
  Epoch  62/100 | loss: 0.1083
  Epoch  63/100 | loss: 0.0732
  Epoch  64/100 | loss: 0.0640
  Epoch  65/100 | loss: 0.0525
  Epoch  66/100 | loss: 0.0489
  Epoch  67/100 | loss: 0.0478
  Epoch  68/100 | loss: 0.0415
  Epoch  69/100 | loss: 0.0404
  Epoch  70/100 | loss: 0.0386
  ✔ Validation @ epoch 70: acc=0.8537
  Epoch  71/100 | loss: 0.0967
  Epoch  72/100 | loss: 0.1482
  Epoch  73/100 | loss: 0.1185
  Epoch  74/100 | loss: 0.1203
  Epoch  75/100 | loss: 0.1405
  Epoch  76/100 | loss: 0.1083
  Epoch  77/100 | loss: 0.0836
  Epoch  78/100 | loss: 0.0613
  Epoch  79/100 | loss: 0.0559
  Epoch  80/100 | loss: 0.0530
  ✔ Validation @ epoch 80: acc=0.8537
  Epoch  81/100 | loss: 0.0512
  Epoch  82/100 | loss: 0.0494
  Epoch  83/100 | loss: 0.0378
  Epoch  84/100 | loss: 0.0346
  Epoch  85/100 | loss: 0.0327
  Epoch  86/100 | loss: 0.0310
  Epoch  87/100 | loss: 0.0453
  Epoch  88/100 | loss: 0.0451
  Epoch  89/100 | loss: 0.0363
  Epoch  90/100 | loss: 0.0335
  ✔ Validation @ epoch 90: acc=0.8537
  Epoch  91/100 | loss: 0.0385
  Epoch  92/100 | loss: 0.0302
  Epoch  93/100 | loss: 0.0295
  Epoch  94/100 | loss: 0.0212
  Epoch  95/100 | loss: 0.0251
  Epoch  96/100 | loss: 0.0212
  Epoch  97/100 | loss: 0.0235
  Epoch  98/100 | loss: 0.0190
  Epoch  99/100 | loss: 0.0165
  Epoch 100/100 | loss: 0.0165
  ✔ Validation @ epoch 100: acc=0.8537

═══════════════════════════════════════════════════════
  Training: [trigger_6]  |  classes=7  |  train=178  valid=45
═══════════════════════════════════════════════════════
  Epoch   1/100 | loss: 1.5854
  Epoch   2/100 | loss: 0.8404
  Epoch   3/100 | loss: 0.5972
  Epoch   4/100 | loss: 0.5171
  Epoch   5/100 | loss: 0.5020
  Epoch   6/100 | loss: 0.4548
  Epoch   7/100 | loss: 0.4058
  Epoch   8/100 | loss: 0.3575
  Epoch   9/100 | loss: 0.3319
  Epoch  10/100 | loss: 0.2751
  ✔ Validation @ epoch 10: acc=0.7111
  Epoch  11/100 | loss: 0.2803
  Epoch  12/100 | loss: 0.2444
  Epoch  13/100 | loss: 0.3100
  Epoch  14/100 | loss: 0.2820
  Epoch  15/100 | loss: 0.2508
  Epoch  16/100 | loss: 0.2066
  Epoch  17/100 | loss: 0.1897
  Epoch  18/100 | loss: 0.1716
  Epoch  19/100 | loss: 0.1633
  Epoch  20/100 | loss: 0.1631
  ✔ Validation @ epoch 20: acc=0.8222
  Epoch  21/100 | loss: 0.1361
  Epoch  22/100 | loss: 0.1567
  Epoch  23/100 | loss: 0.1474
  Epoch  24/100 | loss: 0.1217
  Epoch  25/100 | loss: 0.1146
  Epoch  26/100 | loss: 0.1114
  Epoch  27/100 | loss: 0.0935
  Epoch  28/100 | loss: 0.1051
  Epoch  29/100 | loss: 0.0987
  Epoch  30/100 | loss: 0.0781
  ✔ Validation @ epoch 30: acc=0.8000
  Epoch  31/100 | loss: 0.0599
  Epoch  32/100 | loss: 0.0654
  Epoch  33/100 | loss: 0.0522
  Epoch  34/100 | loss: 0.0495
  Epoch  35/100 | loss: 0.0412
  Epoch  36/100 | loss: 0.0387
  Epoch  37/100 | loss: 0.0361
  Epoch  38/100 | loss: 0.0308
  Epoch  39/100 | loss: 0.0399
  Epoch  40/100 | loss: 0.0604
  ✔ Validation @ epoch 40: acc=0.8444
  Epoch  41/100 | loss: 0.1182
  Epoch  42/100 | loss: 0.1229
  Epoch  43/100 | loss: 0.2314
  Epoch  44/100 | loss: 0.1199
  Epoch  45/100 | loss: 0.0598
  Epoch  46/100 | loss: 0.0880
  Epoch  47/100 | loss: 0.0457
  Epoch  48/100 | loss: 0.0319
  Epoch  49/100 | loss: 0.0272
  Epoch  50/100 | loss: 0.0243
  ✔ Validation @ epoch 50: acc=0.8000
  Epoch  51/100 | loss: 0.0189
  Epoch  52/100 | loss: 0.0159
  Epoch  53/100 | loss: 0.0129
  Epoch  54/100 | loss: 0.0115
  Epoch  55/100 | loss: 0.0102
  Epoch  56/100 | loss: 0.0094
  Epoch  57/100 | loss: 0.0079
  Epoch  58/100 | loss: 0.0077
  Epoch  59/100 | loss: 0.0059
  Epoch  60/100 | loss: 0.0057
  ✔ Validation @ epoch 60: acc=0.8000
  Epoch  61/100 | loss: 0.0049
  Epoch  62/100 | loss: 0.0051
  Epoch  63/100 | loss: 0.0043
  Epoch  64/100 | loss: 0.0042
  Epoch  65/100 | loss: 0.0037
  Epoch  66/100 | loss: 0.0034
  Epoch  67/100 | loss: 0.0031
  Epoch  68/100 | loss: 0.0029
  Epoch  69/100 | loss: 0.0025
  Epoch  70/100 | loss: 0.0024
  ✔ Validation @ epoch 70: acc=0.8000
  Epoch  71/100 | loss: 0.0023
  Epoch  72/100 | loss: 0.0021
  Epoch  73/100 | loss: 0.0020
  Epoch  74/100 | loss: 0.0018
  Epoch  75/100 | loss: 0.0017
  Epoch  76/100 | loss: 0.0015
  Epoch  77/100 | loss: 0.0014
  Epoch  78/100 | loss: 0.0014
  Epoch  79/100 | loss: 0.0012
  Epoch  80/100 | loss: 0.0012
  ✔ Validation @ epoch 80: acc=0.8222
  Epoch  81/100 | loss: 0.0011
  Epoch  82/100 | loss: 0.0011
  Epoch  83/100 | loss: 0.0009
  Epoch  84/100 | loss: 0.0009
  Epoch  85/100 | loss: 0.0009
  Epoch  86/100 | loss: 0.0008
  Epoch  87/100 | loss: 0.0007
  Epoch  88/100 | loss: 0.0007
  Epoch  89/100 | loss: 0.0006
  Epoch  90/100 | loss: 0.0006
  ✔ Validation @ epoch 90: acc=0.8222
  Epoch  91/100 | loss: 0.0006
  Epoch  92/100 | loss: 0.0006
  Epoch  93/100 | loss: 0.0006
  Epoch  94/100 | loss: 0.0005
  Epoch  95/100 | loss: 0.0005
  Epoch  96/100 | loss: 0.0005
  Epoch  97/100 | loss: 0.0005
  Epoch  98/100 | loss: 0.0005
  Epoch  99/100 | loss: 0.0004
  Epoch 100/100 | loss: 0.0004
  ✔ Validation @ epoch 100: acc=0.8222

═══════════════════════════════════════════════════════
  Training: [trigger_7]  |  classes=8  |  train=162  valid=41
═══════════════════════════════════════════════════════
  Epoch   1/100 | loss: 1.7839
  Epoch   2/100 | loss: 1.0811
  Epoch   3/100 | loss: 0.6664
  Epoch   4/100 | loss: 0.6576
  Epoch   5/100 | loss: 0.6296
  Epoch   6/100 | loss: 0.6787
  Epoch   7/100 | loss: 0.4922
  Epoch   8/100 | loss: 0.5267
  Epoch   9/100 | loss: 0.5002
  Epoch  10/100 | loss: 0.4789
  ✔ Validation @ epoch 10: acc=0.7561
  Epoch  11/100 | loss: 0.3766
  Epoch  12/100 | loss: 0.4073
  Epoch  13/100 | loss: 0.4104
  Epoch  14/100 | loss: 0.4365
  Epoch  15/100 | loss: 0.3516
  Epoch  16/100 | loss: 0.3182
  Epoch  17/100 | loss: 0.3285
  Epoch  18/100 | loss: 0.2527
  Epoch  19/100 | loss: 0.2430
  Epoch  20/100 | loss: 0.3594
  ✔ Validation @ epoch 20: acc=0.6341
  Epoch  21/100 | loss: 0.2022
  Epoch  22/100 | loss: 0.2749
  Epoch  23/100 | loss: 0.1953
  Epoch  24/100 | loss: 0.2096
  Epoch  25/100 | loss: 0.1959
  Epoch  26/100 | loss: 0.2129
  Epoch  27/100 | loss: 0.1870
  Epoch  28/100 | loss: 0.1589
  Epoch  29/100 | loss: 0.1464
  Epoch  30/100 | loss: 0.2992
  ✔ Validation @ epoch 30: acc=0.7561
  Epoch  31/100 | loss: 0.2274
  Epoch  32/100 | loss: 0.3203
  Epoch  33/100 | loss: 0.1598
  Epoch  34/100 | loss: 0.1733
  Epoch  35/100 | loss: 0.1513
  Epoch  36/100 | loss: 0.1599
  Epoch  37/100 | loss: 0.1765
  Epoch  38/100 | loss: 0.1767
  Epoch  39/100 | loss: 0.1316
  Epoch  40/100 | loss: 0.2000
  ✔ Validation @ epoch 40: acc=0.7317
  Epoch  41/100 | loss: 0.1409
  Epoch  42/100 | loss: 0.1138
  Epoch  43/100 | loss: 0.1159
  Epoch  44/100 | loss: 0.1696
  Epoch  45/100 | loss: 0.1015
  Epoch  46/100 | loss: 0.1139
  Epoch  47/100 | loss: 0.1458
  Epoch  48/100 | loss: 0.1164
  Epoch  49/100 | loss: 0.1006
  Epoch  50/100 | loss: 0.2146
  ✔ Validation @ epoch 50: acc=0.7073
  Epoch  51/100 | loss: 0.2994
  Epoch  52/100 | loss: 0.1641
  Epoch  53/100 | loss: 0.2904
  Epoch  54/100 | loss: 0.1776
  Epoch  55/100 | loss: 0.1359
  Epoch  56/100 | loss: 0.1142
  Epoch  57/100 | loss: 0.1054
  Epoch  58/100 | loss: 0.1109
  Epoch  59/100 | loss: 0.0883
  Epoch  60/100 | loss: 0.0723
  ✔ Validation @ epoch 60: acc=0.7073
  Epoch  61/100 | loss: 0.0721
  Epoch  62/100 | loss: 0.0826
  Epoch  63/100 | loss: 0.0714
  Epoch  64/100 | loss: 0.0603
  Epoch  65/100 | loss: 0.0590
  Epoch  66/100 | loss: 0.0541
  Epoch  67/100 | loss: 0.0772
  Epoch  68/100 | loss: 0.0508
  Epoch  69/100 | loss: 0.0515
  Epoch  70/100 | loss: 0.1314
  ✔ Validation @ epoch 70: acc=0.6829
  Epoch  71/100 | loss: 0.0855
  Epoch  72/100 | loss: 0.0719
  Epoch  73/100 | loss: 0.1220
  Epoch  74/100 | loss: 0.0825
  Epoch  75/100 | loss: 0.1534
  Epoch  76/100 | loss: 0.1170
  Epoch  77/100 | loss: 0.1821
  Epoch  78/100 | loss: 0.0882
  Epoch  79/100 | loss: 0.1204
  Epoch  80/100 | loss: 0.0937
  ✔ Validation @ epoch 80: acc=0.7317
  Epoch  81/100 | loss: 0.0773
  Epoch  82/100 | loss: 0.0587
  Epoch  83/100 | loss: 0.0647
  Epoch  84/100 | loss: 0.0386
  Epoch  85/100 | loss: 0.0497
  Epoch  86/100 | loss: 0.0349
  Epoch  87/100 | loss: 0.0310
  Epoch  88/100 | loss: 0.0268
  Epoch  89/100 | loss: 0.0272
  Epoch  90/100 | loss: 0.0230
  ✔ Validation @ epoch 90: acc=0.7073
  Epoch  91/100 | loss: 0.0235
  Epoch  92/100 | loss: 0.0187
  Epoch  93/100 | loss: 0.0178
  Epoch  94/100 | loss: 0.0156
  Epoch  95/100 | loss: 0.0144
  Epoch  96/100 | loss: 0.0133
  Epoch  97/100 | loss: 0.0120
  Epoch  98/100 | loss: 0.0159
  Epoch  99/100 | loss: 0.0288
  Epoch 100/100 | loss: 0.0240
  ✔ Validation @ epoch 100: acc=0.7073

═══════════════════════════════════════════════════════
  Training: [trigger_8]  |  classes=9  |  train=179  valid=45
═══════════════════════════════════════════════════════
  Epoch   1/100 | loss: 1.9113
  Epoch   2/100 | loss: 0.9448
  Epoch   3/100 | loss: 0.6420
  Epoch   4/100 | loss: 0.5889
  Epoch   5/100 | loss: 0.5300
  Epoch   6/100 | loss: 0.5296
  Epoch   7/100 | loss: 0.4896
  Epoch   8/100 | loss: 0.4694
  Epoch   9/100 | loss: 0.3964
  Epoch  10/100 | loss: 0.3809
  ✔ Validation @ epoch 10: acc=0.9556
  Epoch  11/100 | loss: 0.3429
  Epoch  12/100 | loss: 0.3402
  Epoch  13/100 | loss: 0.3401
  Epoch  14/100 | loss: 0.2593
  Epoch  15/100 | loss: 0.2343
  Epoch  16/100 | loss: 0.2589
  Epoch  17/100 | loss: 0.2085
  Epoch  18/100 | loss: 0.2007
  Epoch  19/100 | loss: 0.1868
  Epoch  20/100 | loss: 0.1604
  ✔ Validation @ epoch 20: acc=0.9556
  Epoch  21/100 | loss: 0.1332
  Epoch  22/100 | loss: 0.1225
  Epoch  23/100 | loss: 0.1143
  Epoch  24/100 | loss: 0.1086
  Epoch  25/100 | loss: 0.0881
  Epoch  26/100 | loss: 0.0945
  Epoch  27/100 | loss: 0.0735
  Epoch  28/100 | loss: 0.0706
  Epoch  29/100 | loss: 0.0587
  Epoch  30/100 | loss: 0.0554
  ✔ Validation @ epoch 30: acc=0.9556
  Epoch  31/100 | loss: 0.0465
  Epoch  32/100 | loss: 0.0446
  Epoch  33/100 | loss: 0.0381
  Epoch  34/100 | loss: 0.0369
  Epoch  35/100 | loss: 0.0381
  Epoch  36/100 | loss: 0.0255
  Epoch  37/100 | loss: 0.0284
  Epoch  38/100 | loss: 0.0302
  Epoch  39/100 | loss: 0.0357
  Epoch  40/100 | loss: 0.0231
  ✔ Validation @ epoch 40: acc=0.9333
  Epoch  41/100 | loss: 0.0202
  Epoch  42/100 | loss: 0.0158
  Epoch  43/100 | loss: 0.0158
  Epoch  44/100 | loss: 0.0131
  Epoch  45/100 | loss: 0.0121
  Epoch  46/100 | loss: 0.0112
  Epoch  47/100 | loss: 0.0108
  Epoch  48/100 | loss: 0.0096
  Epoch  49/100 | loss: 0.0098
  Epoch  50/100 | loss: 0.0095
  ✔ Validation @ epoch 50: acc=0.9111
  Epoch  51/100 | loss: 0.0071
  Epoch  52/100 | loss: 0.0073
  Epoch  53/100 | loss: 0.0063
  Epoch  54/100 | loss: 0.0067
  Epoch  55/100 | loss: 0.0061
  Epoch  56/100 | loss: 0.0062
  Epoch  57/100 | loss: 0.0050
  Epoch  58/100 | loss: 0.0052
  Epoch  59/100 | loss: 0.0045
  Epoch  60/100 | loss: 0.0047
  ✔ Validation @ epoch 60: acc=0.9111
  Epoch  61/100 | loss: 0.0035
  Epoch  62/100 | loss: 0.0043
  Epoch  63/100 | loss: 0.0036
  Epoch  64/100 | loss: 0.0041
  Epoch  65/100 | loss: 0.0034
  Epoch  66/100 | loss: 0.0027
  Epoch  67/100 | loss: 0.0030
  Epoch  68/100 | loss: 0.0025
  Epoch  69/100 | loss: 0.0024
  Epoch  70/100 | loss: 0.0023
  ✔ Validation @ epoch 70: acc=0.9111
  Epoch  71/100 | loss: 0.0022
  Epoch  72/100 | loss: 0.0022
  Epoch  73/100 | loss: 0.0022
  Epoch  74/100 | loss: 0.0017
  Epoch  75/100 | loss: 0.0017
  Epoch  76/100 | loss: 0.0016
  Epoch  77/100 | loss: 0.0015
  Epoch  78/100 | loss: 0.0015
  Epoch  79/100 | loss: 0.0015
  Epoch  80/100 | loss: 0.0015
  ✔ Validation @ epoch 80: acc=0.9111
  Epoch  81/100 | loss: 0.0013
  Epoch  82/100 | loss: 0.0013
  Epoch  83/100 | loss: 0.0012
  Epoch  84/100 | loss: 0.0011
  Epoch  85/100 | loss: 0.0011
  Epoch  86/100 | loss: 0.0011
  Epoch  87/100 | loss: 0.0011
  Epoch  88/100 | loss: 0.0011
  Epoch  89/100 | loss: 0.0010
  Epoch  90/100 | loss: 0.0011
  ✔ Validation @ epoch 90: acc=0.9111
  Epoch  91/100 | loss: 0.0010
  Epoch  92/100 | loss: 0.0008
  Epoch  93/100 | loss: 0.0008
  Epoch  94/100 | loss: 0.0009
  Epoch  95/100 | loss: 0.0007
  Epoch  96/100 | loss: 0.0010
  Epoch  97/100 | loss: 0.0009
  Epoch  98/100 | loss: 0.0007
  Epoch  99/100 | loss: 0.0007
  Epoch 100/100 | loss: 0.0007
  ✔ Validation @ epoch 100: acc=0.9111

----- THREE-GROUP DATALOADERS -----
  Group [0, 1, 2, 3] | total=418 (train=334, valid=84) | per-label counts: {0: 68, 1: 27, 2: 166, 3: 157}
  Group [0, 4, 5, 6] | total=526 (train=420, valid=106) | per-label counts: {0: 68, 4: 168, 5: 135, 6: 155}
  Group [0, 7, 8] | total=359 (train=287, valid=72) | per-label counts: {0: 68, 7: 135, 8: 156}

═══════════════════════════════════════════════════════
  Training: [group_eye]  |  classes=4  |  train=334  valid=84
═══════════════════════════════════════════════════════
  Epoch   1/100 | loss: 1.2648
  Epoch   2/100 | loss: 1.2227
  Epoch   3/100 | loss: 1.1610
  Epoch   4/100 | loss: 1.1319
  Epoch   5/100 | loss: 1.0784
  Epoch   6/100 | loss: 1.0444
  Epoch   7/100 | loss: 0.9846
  Epoch   8/100 | loss: 0.9150
  Epoch   9/100 | loss: 0.8521
  Epoch  10/100 | loss: 0.8007
  ✔ Validation @ epoch 10: acc=0.4048
  Epoch  11/100 | loss: 0.7618
  Epoch  12/100 | loss: 0.7361
  Epoch  13/100 | loss: 0.6964
  Epoch  14/100 | loss: 0.6634
  Epoch  15/100 | loss: 0.6107
  Epoch  16/100 | loss: 0.5917
  Epoch  17/100 | loss: 0.5567
  Epoch  18/100 | loss: 0.5686
  Epoch  19/100 | loss: 0.5312
  Epoch  20/100 | loss: 0.5092
  ✔ Validation @ epoch 20: acc=0.4405
  Epoch  21/100 | loss: 0.4900
  Epoch  22/100 | loss: 0.4433
  Epoch  23/100 | loss: 0.4614
  Epoch  24/100 | loss: 0.4436
  Epoch  25/100 | loss: 0.4482
  Epoch  26/100 | loss: 0.3852
  Epoch  27/100 | loss: 0.3790
  Epoch  28/100 | loss: 0.3419
  Epoch  29/100 | loss: 0.3569
  Epoch  30/100 | loss: 0.3273
  ✔ Validation @ epoch 30: acc=0.5119
  Epoch  31/100 | loss: 0.3353
  Epoch  32/100 | loss: 0.2964
  Epoch  33/100 | loss: 0.2727
  Epoch  34/100 | loss: 0.2706
  Epoch  35/100 | loss: 0.2529
  Epoch  36/100 | loss: 0.2735
  Epoch  37/100 | loss: 0.2442
  Epoch  38/100 | loss: 0.2176
  Epoch  39/100 | loss: 0.2091
  Epoch  40/100 | loss: 0.1949
  ✔ Validation @ epoch 40: acc=0.4762
  Epoch  41/100 | loss: 0.2047
  Epoch  42/100 | loss: 0.2043
  Epoch  43/100 | loss: 0.1866
  Epoch  44/100 | loss: 0.1805
  Epoch  45/100 | loss: 0.1888
  Epoch  46/100 | loss: 0.1888
  Epoch  47/100 | loss: 0.1584
  Epoch  48/100 | loss: 0.1578
  Epoch  49/100 | loss: 0.1276
  Epoch  50/100 | loss: 0.1145
  ✔ Validation @ epoch 50: acc=0.4762
  Epoch  51/100 | loss: 0.0928
  Epoch  52/100 | loss: 0.1231
  Epoch  53/100 | loss: 0.1406
  Epoch  54/100 | loss: 0.1276
  Epoch  55/100 | loss: 0.1555
  Epoch  56/100 | loss: 0.1155
  Epoch  57/100 | loss: 0.1063
  Epoch  58/100 | loss: 0.1143
  Epoch  59/100 | loss: 0.1140
  Epoch  60/100 | loss: 0.1663
  ✔ Validation @ epoch 60: acc=0.3929
  Epoch  61/100 | loss: 0.1622
  Epoch  62/100 | loss: 0.1945
  Epoch  63/100 | loss: 0.1560
  Epoch  64/100 | loss: 0.1513
  Epoch  65/100 | loss: 0.1358
  Epoch  66/100 | loss: 0.1094
  Epoch  67/100 | loss: 0.0908
  Epoch  68/100 | loss: 0.0795
  Epoch  69/100 | loss: 0.0796
  Epoch  70/100 | loss: 0.1107
  ✔ Validation @ epoch 70: acc=0.4524
  Epoch  71/100 | loss: 0.0755
  Epoch  72/100 | loss: 0.0936
  Epoch  73/100 | loss: 0.1004
  Epoch  74/100 | loss: 0.0810
  Epoch  75/100 | loss: 0.0666
  Epoch  76/100 | loss: 0.0556
  Epoch  77/100 | loss: 0.0428
  Epoch  78/100 | loss: 0.0354
  Epoch  79/100 | loss: 0.0335
  Epoch  80/100 | loss: 0.0420
  ✔ Validation @ epoch 80: acc=0.4762
  Epoch  81/100 | loss: 0.0291
  Epoch  82/100 | loss: 0.0259
  Epoch  83/100 | loss: 0.0227
  Epoch  84/100 | loss: 0.0213
  Epoch  85/100 | loss: 0.0249
  Epoch  86/100 | loss: 0.0321
  Epoch  87/100 | loss: 0.0327
  Epoch  88/100 | loss: 0.0321
  Epoch  89/100 | loss: 0.0325
  Epoch  90/100 | loss: 0.0344
  ✔ Validation @ epoch 90: acc=0.4762
  Epoch  91/100 | loss: 0.0287
  Epoch  92/100 | loss: 0.0356
  Epoch  93/100 | loss: 0.0353
  Epoch  94/100 | loss: 0.0384
  Epoch  95/100 | loss: 0.0349
  Epoch  96/100 | loss: 0.0256
  Epoch  97/100 | loss: 0.0219
  Epoch  98/100 | loss: 0.0523
  Epoch  99/100 | loss: 0.0605
  Epoch 100/100 | loss: 0.0345
  ✔ Validation @ epoch 100: acc=0.5119

═══════════════════════════════════════════════════════
  Training: [group_jaw]  |  classes=7  |  train=420  valid=106
═══════════════════════════════════════════════════════
  Epoch   1/100 | loss: 1.6084
  Epoch   2/100 | loss: 1.3358
  Epoch   3/100 | loss: 1.2801
  Epoch   4/100 | loss: 1.2340
  Epoch   5/100 | loss: 1.1948
  Epoch   6/100 | loss: 1.1607
  Epoch   7/100 | loss: 1.1423
  Epoch   8/100 | loss: 1.1087
  Epoch   9/100 | loss: 1.0584
  Epoch  10/100 | loss: 1.1373
  ✔ Validation @ epoch 10: acc=0.3585
  Epoch  11/100 | loss: 1.0840
  Epoch  12/100 | loss: 1.0903
  Epoch  13/100 | loss: 1.0917
  Epoch  14/100 | loss: 1.0557
  Epoch  15/100 | loss: 0.9995
  Epoch  16/100 | loss: 0.9515
  Epoch  17/100 | loss: 1.0212
  Epoch  18/100 | loss: 0.9404
  Epoch  19/100 | loss: 0.9650
  Epoch  20/100 | loss: 0.9025
  ✔ Validation @ epoch 20: acc=0.4528
  Epoch  21/100 | loss: 0.8799
  Epoch  22/100 | loss: 0.8327
  Epoch  23/100 | loss: 0.8464
  Epoch  24/100 | loss: 0.7861
  Epoch  25/100 | loss: 0.8011
  Epoch  26/100 | loss: 0.7612
  Epoch  27/100 | loss: 0.7739
  Epoch  28/100 | loss: 0.7773
  Epoch  29/100 | loss: 0.6891
  Epoch  30/100 | loss: 0.6968
  ✔ Validation @ epoch 30: acc=0.4340
  Epoch  31/100 | loss: 0.6618
  Epoch  32/100 | loss: 0.6374
  Epoch  33/100 | loss: 0.6146
  Epoch  34/100 | loss: 0.5961
  Epoch  35/100 | loss: 0.5703
  Epoch  36/100 | loss: 0.5923
  Epoch  37/100 | loss: 0.5914
  Epoch  38/100 | loss: 0.6230
  Epoch  39/100 | loss: 0.5576
  Epoch  40/100 | loss: 0.5215
  ✔ Validation @ epoch 40: acc=0.4434
  Epoch  41/100 | loss: 0.4959
  Epoch  42/100 | loss: 0.4441
  Epoch  43/100 | loss: 0.4825
  Epoch  44/100 | loss: 0.4834
  Epoch  45/100 | loss: 0.4344
  Epoch  46/100 | loss: 0.3808
  Epoch  47/100 | loss: 0.3542
  Epoch  48/100 | loss: 0.4225
  Epoch  49/100 | loss: 0.3816
  Epoch  50/100 | loss: 0.4190
  ✔ Validation @ epoch 50: acc=0.5000
  Epoch  51/100 | loss: 0.4340
  Epoch  52/100 | loss: 0.3972
  Epoch  53/100 | loss: 0.3462
  Epoch  54/100 | loss: 0.3700
  Epoch  55/100 | loss: 0.3468
  Epoch  56/100 | loss: 0.3029
  Epoch  57/100 | loss: 0.3381
  Epoch  58/100 | loss: 0.3294
  Epoch  59/100 | loss: 0.2766
  Epoch  60/100 | loss: 0.3273
  ✔ Validation @ epoch 60: acc=0.4811
  Epoch  61/100 | loss: 0.3361
  Epoch  62/100 | loss: 0.2629
  Epoch  63/100 | loss: 0.2599
  Epoch  64/100 | loss: 0.2633
  Epoch  65/100 | loss: 0.2324
  Epoch  66/100 | loss: 0.2344
  Epoch  67/100 | loss: 0.2295
  Epoch  68/100 | loss: 0.2109
  Epoch  69/100 | loss: 0.2168
  Epoch  70/100 | loss: 0.1991
  ✔ Validation @ epoch 70: acc=0.5094
  Epoch  71/100 | loss: 0.1972
  Epoch  72/100 | loss: 0.2437
  Epoch  73/100 | loss: 0.2055
  Epoch  74/100 | loss: 0.1904
  Epoch  75/100 | loss: 0.2397
  Epoch  76/100 | loss: 0.2985
  Epoch  77/100 | loss: 0.3258
  Epoch  78/100 | loss: 0.3125
  Epoch  79/100 | loss: 0.2630
  Epoch  80/100 | loss: 0.2006
  ✔ Validation @ epoch 80: acc=0.5094
  Epoch  81/100 | loss: 0.1786
  Epoch  82/100 | loss: 0.1617
  Epoch  83/100 | loss: 0.1585
  Epoch  84/100 | loss: 0.1559
  Epoch  85/100 | loss: 0.1856
  Epoch  86/100 | loss: 0.1850
  Epoch  87/100 | loss: 0.2071
  Epoch  88/100 | loss: 0.2150
  Epoch  89/100 | loss: 0.3163
  Epoch  90/100 | loss: 0.2946
  ✔ Validation @ epoch 90: acc=0.4717
  Epoch  91/100 | loss: 0.2751
  Epoch  92/100 | loss: 0.2863
  Epoch  93/100 | loss: 0.2866
  Epoch  94/100 | loss: 0.2454
  Epoch  95/100 | loss: 0.2225
  Epoch  96/100 | loss: 0.1797
  Epoch  97/100 | loss: 0.1552
  Epoch  98/100 | loss: 0.1283
  Epoch  99/100 | loss: 0.1199
  Epoch 100/100 | loss: 0.1013
  ✔ Validation @ epoch 100: acc=0.5094

═══════════════════════════════════════════════════════
  Training: [group_face]  |  classes=9  |  train=287  valid=72
═══════════════════════════════════════════════════════
  Epoch   1/100 | loss: 1.7089
  Epoch   2/100 | loss: 1.0762
  Epoch   3/100 | loss: 0.9629
  Epoch   4/100 | loss: 0.9104
  Epoch   5/100 | loss: 0.8616
  Epoch   6/100 | loss: 0.8485
  Epoch   7/100 | loss: 0.8088
  Epoch   8/100 | loss: 0.8106
  Epoch   9/100 | loss: 0.7658
  Epoch  10/100 | loss: 0.7365
  ✔ Validation @ epoch 10: acc=0.5278
  Epoch  11/100 | loss: 0.7009
  Epoch  12/100 | loss: 0.6766
  Epoch  13/100 | loss: 0.6554
  Epoch  14/100 | loss: 0.6399
  Epoch  15/100 | loss: 0.5917
  Epoch  16/100 | loss: 0.6067
  Epoch  17/100 | loss: 0.5902
  Epoch  18/100 | loss: 0.5539
  Epoch  19/100 | loss: 0.5164
  Epoch  20/100 | loss: 0.5081
  ✔ Validation @ epoch 20: acc=0.6667
  Epoch  21/100 | loss: 0.4823
  Epoch  22/100 | loss: 0.4718
  Epoch  23/100 | loss: 0.4388
  Epoch  24/100 | loss: 0.4374
  Epoch  25/100 | loss: 0.4106
  Epoch  26/100 | loss: 0.4022
  Epoch  27/100 | loss: 0.3971
  Epoch  28/100 | loss: 0.3565
  Epoch  29/100 | loss: 0.3505
  Epoch  30/100 | loss: 0.3377
  ✔ Validation @ epoch 30: acc=0.7083
  Epoch  31/100 | loss: 0.3251
  Epoch  32/100 | loss: 0.3010
  Epoch  33/100 | loss: 0.2900
  Epoch  34/100 | loss: 0.2926
  Epoch  35/100 | loss: 0.2688
  Epoch  36/100 | loss: 0.2878
  Epoch  37/100 | loss: 0.2910
  Epoch  38/100 | loss: 0.2635
  Epoch  39/100 | loss: 0.2544
  Epoch  40/100 | loss: 0.2478
  ✔ Validation @ epoch 40: acc=0.6528
  Epoch  41/100 | loss: 0.2716
  Epoch  42/100 | loss: 0.2077
  Epoch  43/100 | loss: 0.1985
  Epoch  44/100 | loss: 0.2039
  Epoch  45/100 | loss: 0.1755
  Epoch  46/100 | loss: 0.1680
  Epoch  47/100 | loss: 0.1623
  Epoch  48/100 | loss: 0.1583
  Epoch  49/100 | loss: 0.1554
  Epoch  50/100 | loss: 0.1448
  ✔ Validation @ epoch 50: acc=0.7083
  Epoch  51/100 | loss: 0.1379
  Epoch  52/100 | loss: 0.1300
  Epoch  53/100 | loss: 0.1236
  Epoch  54/100 | loss: 0.1317
  Epoch  55/100 | loss: 0.1335
  Epoch  56/100 | loss: 0.1188
  Epoch  57/100 | loss: 0.1145
  Epoch  58/100 | loss: 0.1114
  Epoch  59/100 | loss: 0.1063
  Epoch  60/100 | loss: 0.0960
  ✔ Validation @ epoch 60: acc=0.7083
  Epoch  61/100 | loss: 0.0914
  Epoch  62/100 | loss: 0.0849
  Epoch  63/100 | loss: 0.0895
  Epoch  64/100 | loss: 0.1025
  Epoch  65/100 | loss: 0.1036
  Epoch  66/100 | loss: 0.1508
  Epoch  67/100 | loss: 0.1023
  Epoch  68/100 | loss: 0.1457
  Epoch  69/100 | loss: 0.1590
  Epoch  70/100 | loss: 0.1629
  ✔ Validation @ epoch 70: acc=0.6806
  Epoch  71/100 | loss: 0.1014
  Epoch  72/100 | loss: 0.0881
  Epoch  73/100 | loss: 0.0662
  Epoch  74/100 | loss: 0.0696
  Epoch  75/100 | loss: 0.0515
  Epoch  76/100 | loss: 0.0551
  Epoch  77/100 | loss: 0.0519
  Epoch  78/100 | loss: 0.0430
  Epoch  79/100 | loss: 0.0387
  Epoch  80/100 | loss: 0.0375
  ✔ Validation @ epoch 80: acc=0.7500
  Epoch  81/100 | loss: 0.0408
  Epoch  82/100 | loss: 0.0318
  Epoch  83/100 | loss: 0.0372
  Epoch  84/100 | loss: 0.0355
  Epoch  85/100 | loss: 0.0365
  Epoch  86/100 | loss: 0.0474
  Epoch  87/100 | loss: 0.0386
  Epoch  88/100 | loss: 0.1494
  Epoch  89/100 | loss: 0.3678
  Epoch  90/100 | loss: 0.4941
  ✔ Validation @ epoch 90: acc=0.7083
  Epoch  91/100 | loss: 0.4096
  Epoch  92/100 | loss: 0.2837
  Epoch  93/100 | loss: 0.2037
  Epoch  94/100 | loss: 0.1793
  Epoch  95/100 | loss: 0.1290
  Epoch  96/100 | loss: 0.1041
  Epoch  97/100 | loss: 0.0834
  Epoch  98/100 | loss: 0.0603
  Epoch  99/100 | loss: 0.0506
  Epoch 100/100 | loss: 0.0494
  ✔ Validation @ epoch 100: acc=0.7083

═══════════════════════════════════════════════════════
  SUMMARY — Final validation accuracy
───────────────────────────────────────────────────────
  full                  →  0.4316
  trigger_0             →  1.0000
  trigger_1             →  0.5789
  trigger_2             →  0.8085
  trigger_3             →  0.7778
  trigger_4             →  0.8333
  trigger_5             →  0.8537
  trigger_6             →  0.8222
  trigger_7             →  0.7073
  trigger_8             →  0.9111
  group_eye             →  0.5119
  group_jaw             →  0.5094
  group_face            →  0.7083
═══════════════════════════════════════════════════════
===== JOB END =====
